/home/this/ncs/nrf/applications/nrf5340_standard_audio/src/audio/audio_system.c:46:13:audio_gateway_configure	0	static
/home/this/ncs/nrf/applications/nrf5340_standard_audio/src/audio/audio_system.c:97:13:encoder_thread	3200	dynamic,bounded
/home/this/ncs/nrf/applications/nrf5340_standard_audio/src/audio/audio_system.c:172:5:audio_encode_test_tone_set	56	dynamic,bounded
/home/this/ncs/nrf/applications/nrf5340_standard_audio/src/audio/audio_system.c:192:5:audio_decode	112	static
/home/this/ncs/nrf/applications/nrf5340_standard_audio/src/audio/audio_system.c:277:6:audio_system_start	320	dynamic,bounded
/home/this/ncs/nrf/applications/nrf5340_standard_audio/src/audio/audio_system.c:390:12:cmd_audio_system_start	8	static
/home/this/ncs/nrf/applications/nrf5340_standard_audio/src/audio/audio_system.c:327:6:audio_system_stop	128	dynamic,bounded
/home/this/ncs/nrf/applications/nrf5340_standard_audio/src/audio/audio_system.c:402:12:cmd_audio_system_stop	8	static
/home/this/ncs/nrf/applications/nrf5340_standard_audio/src/audio/audio_system.c:356:5:audio_system_fifo_rx_block_drop	56	static
/home/this/ncs/nrf/applications/nrf5340_standard_audio/src/audio/audio_system.c:374:6:audio_system_init	56	dynamic,bounded
