/home/this/ncs/zephyr/subsys/bluetooth/audio/media_proxy.c:1707:13:pl_calls_is_valid	0	static
/home/this/ncs/zephyr/subsys/bluetooth/audio/media_proxy.c:78:5:media_proxy_sctrl_register	0	static
/home/this/ncs/zephyr/subsys/bluetooth/audio/media_proxy.c:84:13:media_proxy_sctrl_get_player_name	8	static
/home/this/ncs/zephyr/subsys/bluetooth/audio/media_proxy.c:97:13:media_proxy_sctrl_get_icon_url	8	static
/home/this/ncs/zephyr/subsys/bluetooth/audio/media_proxy.c:102:13:media_proxy_sctrl_get_track_title	8	static
/home/this/ncs/zephyr/subsys/bluetooth/audio/media_proxy.c:107:9:media_proxy_sctrl_get_track_duration	8	static
/home/this/ncs/zephyr/subsys/bluetooth/audio/media_proxy.c:112:9:media_proxy_sctrl_get_track_position	8	static
/home/this/ncs/zephyr/subsys/bluetooth/audio/media_proxy.c:117:6:media_proxy_sctrl_set_track_position	8	static
/home/this/ncs/zephyr/subsys/bluetooth/audio/media_proxy.c:122:8:media_proxy_sctrl_get_playback_speed	8	static
/home/this/ncs/zephyr/subsys/bluetooth/audio/media_proxy.c:127:6:media_proxy_sctrl_set_playback_speed	8	static
/home/this/ncs/zephyr/subsys/bluetooth/audio/media_proxy.c:132:8:media_proxy_sctrl_get_seeking_speed	8	static
/home/this/ncs/zephyr/subsys/bluetooth/audio/media_proxy.c:179:9:media_proxy_sctrl_get_playing_order	8	static
/home/this/ncs/zephyr/subsys/bluetooth/audio/media_proxy.c:184:6:media_proxy_sctrl_set_playing_order	8	static
/home/this/ncs/zephyr/subsys/bluetooth/audio/media_proxy.c:189:10:media_proxy_sctrl_get_playing_orders_supported	8	static
/home/this/ncs/zephyr/subsys/bluetooth/audio/media_proxy.c:194:9:media_proxy_sctrl_get_media_state	8	static
/home/this/ncs/zephyr/subsys/bluetooth/audio/media_proxy.c:199:6:media_proxy_sctrl_send_command	8	static
/home/this/ncs/zephyr/subsys/bluetooth/audio/media_proxy.c:204:10:media_proxy_sctrl_get_commands_supported	8	static
/home/this/ncs/zephyr/subsys/bluetooth/audio/media_proxy.c:222:9:media_proxy_sctrl_get_content_ctrl_id	8	static
/home/this/ncs/zephyr/subsys/bluetooth/audio/media_proxy.c:626:5:media_proxy_ctrl_register	8	static
/home/this/ncs/zephyr/subsys/bluetooth/audio/media_proxy.c:729:5:media_proxy_ctrl_get_player_name	8	static
/home/this/ncs/zephyr/subsys/bluetooth/audio/media_proxy.c:766:5:media_proxy_ctrl_get_icon_id	8	static
/home/this/ncs/zephyr/subsys/bluetooth/audio/media_proxy.c:801:5:media_proxy_ctrl_get_icon_url	8	static
/home/this/ncs/zephyr/subsys/bluetooth/audio/media_proxy.c:836:5:media_proxy_ctrl_get_track_title	8	static
/home/this/ncs/zephyr/subsys/bluetooth/audio/media_proxy.c:871:5:media_proxy_ctrl_get_track_duration	8	static
/home/this/ncs/zephyr/subsys/bluetooth/audio/media_proxy.c:907:5:media_proxy_ctrl_get_track_position	8	static
/home/this/ncs/zephyr/subsys/bluetooth/audio/media_proxy.c:943:5:media_proxy_ctrl_set_track_position	16	static
/home/this/ncs/zephyr/subsys/bluetooth/audio/media_proxy.c:978:5:media_proxy_ctrl_get_playback_speed	8	static
/home/this/ncs/zephyr/subsys/bluetooth/audio/media_proxy.c:1013:5:media_proxy_ctrl_set_playback_speed	16	static
/home/this/ncs/zephyr/subsys/bluetooth/audio/media_proxy.c:1048:5:media_proxy_ctrl_get_seeking_speed	8	static
/home/this/ncs/zephyr/subsys/bluetooth/audio/media_proxy.c:1083:5:media_proxy_ctrl_get_track_segments_id	16	static
/home/this/ncs/zephyr/subsys/bluetooth/audio/media_proxy.c:1119:5:media_proxy_ctrl_get_current_track_id	16	static
/home/this/ncs/zephyr/subsys/bluetooth/audio/media_proxy.c:1154:5:media_proxy_ctrl_set_current_track_id	24	static
/home/this/ncs/zephyr/subsys/bluetooth/audio/media_proxy.c:1195:5:media_proxy_ctrl_get_next_track_id	16	static
/home/this/ncs/zephyr/subsys/bluetooth/audio/media_proxy.c:1230:5:media_proxy_ctrl_set_next_track_id	24	static
/home/this/ncs/zephyr/subsys/bluetooth/audio/media_proxy.c:1271:5:media_proxy_ctrl_get_parent_group_id	16	static
/home/this/ncs/zephyr/subsys/bluetooth/audio/media_proxy.c:1306:5:media_proxy_ctrl_get_current_group_id	16	static
/home/this/ncs/zephyr/subsys/bluetooth/audio/media_proxy.c:1341:5:media_proxy_ctrl_set_current_group_id	24	static
/home/this/ncs/zephyr/subsys/bluetooth/audio/media_proxy.c:1382:5:media_proxy_ctrl_get_playing_order	8	static
/home/this/ncs/zephyr/subsys/bluetooth/audio/media_proxy.c:1418:5:media_proxy_ctrl_set_playing_order	16	static
/home/this/ncs/zephyr/subsys/bluetooth/audio/media_proxy.c:1453:5:media_proxy_ctrl_get_playing_orders_supported	8	static
/home/this/ncs/zephyr/subsys/bluetooth/audio/media_proxy.c:1489:5:media_proxy_ctrl_get_media_state	8	static
/home/this/ncs/zephyr/subsys/bluetooth/audio/media_proxy.c:1524:5:media_proxy_ctrl_send_command	16	static
/home/this/ncs/zephyr/subsys/bluetooth/audio/media_proxy.c:1559:5:media_proxy_ctrl_get_commands_supported	8	static
/home/this/ncs/zephyr/subsys/bluetooth/audio/media_proxy.c:1595:5:media_proxy_ctrl_send_search	16	static
/home/this/ncs/zephyr/subsys/bluetooth/audio/media_proxy.c:1630:5:media_proxy_ctrl_get_search_results_id	16	static
/home/this/ncs/zephyr/subsys/bluetooth/audio/media_proxy.c:1666:9:media_proxy_ctrl_get_content_ctrl_id	8	static
/home/this/ncs/zephyr/subsys/bluetooth/audio/media_proxy.c:1858:5:media_proxy_pl_register	8	static
/home/this/ncs/zephyr/subsys/bluetooth/audio/media_proxy.c:1883:6:media_proxy_pl_track_changed_cb	8	static
/home/this/ncs/zephyr/subsys/bluetooth/audio/media_proxy.c:1894:6:media_proxy_pl_track_title_cb	16	static
/home/this/ncs/zephyr/subsys/bluetooth/audio/media_proxy.c:1905:6:media_proxy_pl_track_duration_cb	16	static
/home/this/ncs/zephyr/subsys/bluetooth/audio/media_proxy.c:1916:6:media_proxy_pl_track_position_cb	16	static
/home/this/ncs/zephyr/subsys/bluetooth/audio/media_proxy.c:1927:6:media_proxy_pl_playback_speed_cb	16	static
/home/this/ncs/zephyr/subsys/bluetooth/audio/media_proxy.c:1938:6:media_proxy_pl_seeking_speed_cb	16	static
/home/this/ncs/zephyr/subsys/bluetooth/audio/media_proxy.c:1995:6:media_proxy_pl_playing_order_cb	16	static
/home/this/ncs/zephyr/subsys/bluetooth/audio/media_proxy.c:2006:6:media_proxy_pl_media_state_cb	16	static
/home/this/ncs/zephyr/subsys/bluetooth/audio/media_proxy.c:2017:6:media_proxy_pl_command_cb	48	static
/home/this/ncs/zephyr/subsys/bluetooth/audio/media_proxy.c:2033:6:media_proxy_pl_commands_supported_cb	16	static
