/home/this/ncs/zephyr/subsys/bluetooth/audio/mpl.c:962:13:do_prev_track	0	static
/home/this/ncs/zephyr/subsys/bluetooth/audio/mpl.c:983:13:do_next_track_normal_order	0	static
/home/this/ncs/zephyr/subsys/bluetooth/audio/mpl.c:1010:13:do_next_track_next_track_set	0	static
/home/this/ncs/zephyr/subsys/bluetooth/audio/mpl.c:1028:13:do_first_track	0	static
/home/this/ncs/zephyr/subsys/bluetooth/audio/mpl.c:1051:13:do_last_track	0	static
/home/this/ncs/zephyr/subsys/bluetooth/audio/mpl.c:1074:13:do_goto_track	4	static
/home/this/ncs/zephyr/subsys/bluetooth/audio/mpl.c:1123:13:do_prev_group	0	static
/home/this/ncs/zephyr/subsys/bluetooth/audio/mpl.c:1143:13:do_next_group	0	static
/home/this/ncs/zephyr/subsys/bluetooth/audio/mpl.c:1163:13:do_first_group	0	static
/home/this/ncs/zephyr/subsys/bluetooth/audio/mpl.c:1186:13:do_last_group	0	static
/home/this/ncs/zephyr/subsys/bluetooth/audio/mpl.c:1209:14:do_goto_group	0	static
/home/this/ncs/zephyr/subsys/bluetooth/audio/mpl.c:2359:13:get_player_name	0	static
/home/this/ncs/zephyr/subsys/bluetooth/audio/mpl.c:2371:13:get_icon_url	0	static
/home/this/ncs/zephyr/subsys/bluetooth/audio/mpl.c:2376:13:get_track_title	0	static
/home/this/ncs/zephyr/subsys/bluetooth/audio/mpl.c:2381:9:get_track_duration	0	static
/home/this/ncs/zephyr/subsys/bluetooth/audio/mpl.c:2386:9:get_track_position	0	static
/home/this/ncs/zephyr/subsys/bluetooth/audio/mpl.c:2424:8:get_playback_speed	0	static
/home/this/ncs/zephyr/subsys/bluetooth/audio/mpl.c:2438:8:get_seeking_speed	0	static
/home/this/ncs/zephyr/subsys/bluetooth/audio/mpl.c:2557:9:get_playing_order	0	static
/home/this/ncs/zephyr/subsys/bluetooth/audio/mpl.c:2572:10:get_playing_orders_supported	0	static
/home/this/ncs/zephyr/subsys/bluetooth/audio/mpl.c:2577:9:get_media_state	0	static
/home/this/ncs/zephyr/subsys/bluetooth/audio/mpl.c:2582:6:send_command	16	static
/home/this/ncs/zephyr/subsys/bluetooth/audio/mpl.c:2600:10:get_commands_supported	0	static
/home/this/ncs/zephyr/subsys/bluetooth/audio/mpl.c:2678:9:get_content_ctrl_id	0	static
/home/this/ncs/zephyr/subsys/bluetooth/audio/mpl.c:2391:6:set_track_position	8	static
/home/this/ncs/zephyr/subsys/bluetooth/audio/mpl.c:2429:6:set_playback_speed	8	static
/home/this/ncs/zephyr/subsys/bluetooth/audio/mpl.c:2562:6:set_playing_order	8	static
/home/this/ncs/zephyr/subsys/bluetooth/audio/mpl.c:879:6:do_prev_segment	0	static
/home/this/ncs/zephyr/subsys/bluetooth/audio/mpl.c:890:6:do_next_segment	0	static
/home/this/ncs/zephyr/subsys/bluetooth/audio/mpl.c:901:6:do_first_segment	0	static
/home/this/ncs/zephyr/subsys/bluetooth/audio/mpl.c:912:6:do_last_segment	0	static
/home/this/ncs/zephyr/subsys/bluetooth/audio/mpl.c:923:6:do_goto_segment	0	static
/home/this/ncs/zephyr/subsys/bluetooth/audio/mpl.c:1257:6:do_track_change_notifications	8	static
/home/this/ncs/zephyr/subsys/bluetooth/audio/mpl.c:1274:6:do_group_change_notifications	0	static
/home/this/ncs/zephyr/subsys/bluetooth/audio/mpl.c:1281:6:do_full_prev_group	8	static
/home/this/ncs/zephyr/subsys/bluetooth/audio/mpl.c:1304:6:do_full_next_group	8	static
/home/this/ncs/zephyr/subsys/bluetooth/audio/mpl.c:1327:6:do_full_first_group	8	static
/home/this/ncs/zephyr/subsys/bluetooth/audio/mpl.c:1350:6:do_full_last_group	8	static
/home/this/ncs/zephyr/subsys/bluetooth/audio/mpl.c:1373:6:do_full_goto_group	8	static
/home/this/ncs/zephyr/subsys/bluetooth/audio/mpl.c:1397:6:inactive_state_command_handler	16	static
/home/this/ncs/zephyr/subsys/bluetooth/audio/mpl.c:1557:6:playing_state_command_handler	16	static
/home/this/ncs/zephyr/subsys/bluetooth/audio/mpl.c:1783:6:paused_state_command_handler	16	static
/home/this/ncs/zephyr/subsys/bluetooth/audio/mpl.c:2009:6:seeking_state_command_handler	16	static
/home/this/ncs/zephyr/subsys/bluetooth/audio/mpl.c:2683:5:media_proxy_pl_init	88	dynamic,bounded
