/home/this/ncs/zephyr/include/zephyr/sys/slist.h:401:1:sys_slist_remove	0	static
/home/this/ncs/zephyr/include/zephyr/sys/slist.h:417:1:sys_slist_find_and_remove	8	static
/home/this/ncs/zephyr/subsys/bluetooth/audio/endpoint.h:112:27:bt_audio_ep_state_str	0	static
/home/this/ncs/zephyr/subsys/bluetooth/audio/stream.c:249:13:bt_audio_stream_is_broadcast	0	static
/home/this/ncs/zephyr/subsys/bluetooth/audio/stream.c:392:13:bt_audio_codec_qos_to_cig_param	0	static
/home/this/ncs/zephyr/subsys/bluetooth/audio/stream.c:1029:12:group_qos_common_set	0	static
/home/this/ncs/zephyr/subsys/bluetooth/audio/stream.c:34:16:pack_bt_codec_cc	24	static
/home/this/ncs/zephyr/subsys/bluetooth/audio/stream.c:737:12:unicast_group_add_iso	8	static
/home/this/ncs/zephyr/subsys/bluetooth/audio/stream.c:766:13:unicast_group_del_iso	8	static
/home/this/ncs/zephyr/subsys/bluetooth/audio/stream.c:474:13:audio_stream_qos_cleanup	16	static
/home/this/ncs/zephyr/subsys/bluetooth/audio/stream.c:933:39:unicast_group_alloc	4	static
/home/this/ncs/zephyr/subsys/bluetooth/audio/stream.c:406:12:bt_audio_cig_create	80	dynamic,bounded
/home/this/ncs/zephyr/subsys/bluetooth/audio/stream.c:953:13:unicast_group_free	24	static
/home/this/ncs/zephyr/subsys/bluetooth/audio/stream.c:892:13:unicast_group_del_stream	16	static
/home/this/ncs/zephyr/subsys/bluetooth/audio/stream.c:915:13:unicast_group_del_stream_pair	16	static
/home/this/ncs/zephyr/subsys/bluetooth/audio/stream.c:440:12:bt_audio_cig_reconfigure	80	dynamic,bounded
/home/this/ncs/zephyr/subsys/bluetooth/audio/stream.c:55:6:bt_audio_codec_to_iso_path	8	static
/home/this/ncs/zephyr/subsys/bluetooth/audio/stream.c:66:6:bt_audio_codec_qos_to_iso_qos	0	static
/home/this/ncs/zephyr/subsys/bluetooth/audio/stream.c:789:13:unicast_client_codec_qos_to_iso_qos	16	static
/home/this/ncs/zephyr/subsys/bluetooth/audio/stream.c:828:13:unicast_group_add_stream	24	static
/home/this/ncs/zephyr/subsys/bluetooth/audio/stream.c:858:12:unicast_group_add_stream_pair	24	static
/home/this/ncs/zephyr/subsys/bluetooth/audio/stream.c:74:6:bt_audio_stream_attach	16	static
/home/this/ncs/zephyr/subsys/bluetooth/audio/stream.c:93:21:bt_audio_stream_iso_chan_get	0	static
/home/this/ncs/zephyr/subsys/bluetooth/audio/stream.c:102:6:bt_audio_stream_cb_register	0	static
/home/this/ncs/zephyr/subsys/bluetooth/audio/stream.c:109:6:bt_audio_valid_qos	0	static
/home/this/ncs/zephyr/subsys/bluetooth/audio/stream.c:977:12:stream_param_check	128	dynamic,bounded
/home/this/ncs/zephyr/subsys/bluetooth/audio/stream.c:1003:12:stream_pair_param_check	8	static
/home/this/ncs/zephyr/subsys/bluetooth/audio/stream.c:144:5:bt_audio_stream_send	16	static
/home/this/ncs/zephyr/subsys/bluetooth/audio/stream.c:257:6:bt_audio_valid_stream_qos	0	static
/home/this/ncs/zephyr/subsys/bluetooth/audio/stream.c:295:5:bt_audio_stream_disconnect	8	static
/home/this/ncs/zephyr/subsys/bluetooth/audio/stream.c:276:6:bt_audio_stream_detach	16	static
/home/this/ncs/zephyr/subsys/bluetooth/audio/stream.c:322:6:bt_audio_stream_reset	8	static
/home/this/ncs/zephyr/subsys/bluetooth/audio/stream.c:339:5:bt_audio_stream_config	56	dynamic,bounded
/home/this/ncs/zephyr/subsys/bluetooth/audio/stream.c:489:5:bt_audio_stream_qos	80	dynamic,bounded
/home/this/ncs/zephyr/subsys/bluetooth/audio/stream.c:631:5:bt_audio_stream_enable	56	dynamic,bounded
/home/this/ncs/zephyr/subsys/bluetooth/audio/stream.c:666:5:bt_audio_stream_stop	56	dynamic,bounded
/home/this/ncs/zephyr/subsys/bluetooth/audio/stream.c:703:5:bt_audio_cig_terminate	8	static
/home/this/ncs/zephyr/subsys/bluetooth/audio/stream.c:710:5:bt_audio_stream_connect	16	static
/home/this/ncs/zephyr/subsys/bluetooth/audio/stream.c:1043:5:bt_audio_unicast_group_create	40	static
/home/this/ncs/zephyr/subsys/bluetooth/audio/stream.c:1112:5:bt_audio_unicast_group_add_streams	40	static
/home/this/ncs/zephyr/subsys/bluetooth/audio/stream.c:1199:5:bt_audio_unicast_group_delete	8	static
/home/this/ncs/zephyr/subsys/bluetooth/audio/stream.c:1235:5:bt_audio_stream_reconfig	56	dynamic,bounded
/home/this/ncs/zephyr/subsys/bluetooth/audio/stream.c:1288:5:bt_audio_stream_start	56	dynamic,bounded
/home/this/ncs/zephyr/subsys/bluetooth/audio/stream.c:1330:5:bt_audio_stream_metadata	56	dynamic,bounded
/home/this/ncs/zephyr/subsys/bluetooth/audio/stream.c:1382:5:bt_audio_stream_disable	56	dynamic,bounded
/home/this/ncs/zephyr/subsys/bluetooth/audio/stream.c:1426:5:bt_audio_stream_release	56	dynamic,bounded
