/home/this/ncs/zephyr/subsys/bluetooth/audio/endpoint.h:112:27:bt_audio_ep_state_str	0	static
/home/this/ncs/zephyr/subsys/bluetooth/audio/unicast_client.c:408:13:unicast_client_ep_qos_update	16	static
/home/this/ncs/zephyr/subsys/bluetooth/audio/unicast_client.c:139:13:unicast_client_ep_iso_sent	88	dynamic,bounded
/home/this/ncs/zephyr/subsys/bluetooth/audio/unicast_client.c:100:13:unicast_client_ep_iso_recv	120	dynamic,bounded
/home/this/ncs/zephyr/subsys/bluetooth/audio/unicast_client.c:203:13:unicast_client_ep_iso_disconnected	64	static
/home/this/ncs/zephyr/subsys/bluetooth/audio/unicast_client.c:223:13:unicast_client_iso_disconnected	64	dynamic,bounded
/home/this/ncs/zephyr/subsys/bluetooth/audio/unicast_client.c:165:13:unicast_client_ep_iso_connected	56	dynamic,bounded
/home/this/ncs/zephyr/subsys/bluetooth/audio/unicast_client.c:185:13:unicast_client_iso_connected	64	dynamic,bounded
/home/this/ncs/zephyr/subsys/bluetooth/audio/unicast_client.c:898:13:unicast_client_codec_data_add	32	static
/home/this/ncs/zephyr/subsys/bluetooth/audio/unicast_client.c:1240:12:unicast_client_ep_config	64	dynamic,bounded
/home/this/ncs/zephyr/subsys/bluetooth/audio/unicast_client.c:1332:12:unicast_client_ep_enable	72	dynamic,bounded
/home/this/ncs/zephyr/subsys/bluetooth/audio/unicast_client.c:1362:12:unicast_client_ep_metadata	72	dynamic,bounded
/home/this/ncs/zephyr/subsys/bluetooth/audio/unicast_client.c:1398:12:unicast_client_ep_start	56	dynamic,bounded
/home/this/ncs/zephyr/subsys/bluetooth/audio/unicast_client.c:1420:12:unicast_client_ep_disable	56	dynamic,bounded
/home/this/ncs/zephyr/subsys/bluetooth/audio/unicast_client.c:1447:12:unicast_client_ep_stop	56	dynamic,bounded
/home/this/ncs/zephyr/subsys/bluetooth/audio/unicast_client.c:1469:12:unicast_client_ep_release	56	dynamic,bounded
/home/this/ncs/zephyr/subsys/bluetooth/audio/unicast_client.c:387:13:unicast_client_ep_idle_state	40	static
/home/this/ncs/zephyr/subsys/bluetooth/audio/unicast_client.c:2332:12:unicast_client_pacs_context_discover	8	static
/home/this/ncs/zephyr/subsys/bluetooth/audio/unicast_client.c:1989:12:unicast_client_pacs_avail_ctx_read	8	static
/home/this/ncs/zephyr/subsys/bluetooth/audio/unicast_client.c:1879:12:unicast_client_ase_discover	8	static
/home/this/ncs/zephyr/subsys/bluetooth/audio/unicast_client.c:2179:12:unicast_client_pacs_location_read	8	static
/home/this/ncs/zephyr/subsys/bluetooth/audio/unicast_client.c:2346:35:unicast_client_pac_alloc	8	static
/home/this/ncs/zephyr/subsys/bluetooth/audio/unicast_client.c:286:28:unicast_client_ep_find	8	static
/home/this/ncs/zephyr/subsys/bluetooth/audio/unicast_client.c:1513:13:unicast_client_reset	8	static
/home/this/ncs/zephyr/subsys/bluetooth/audio/unicast_client.c:1529:13:unicast_client_ep_reset	16	static
/home/this/ncs/zephyr/subsys/bluetooth/audio/unicast_client.c:270:13:unicast_client_ep_init	16	static
/home/this/ncs/zephyr/subsys/bluetooth/audio/unicast_client.c:334:28:unicast_client_ep_new	16	static
/home/this/ncs/zephyr/subsys/bluetooth/audio/unicast_client.c:373:28:unicast_client_ep_get	16	static
/home/this/ncs/zephyr/subsys/bluetooth/audio/unicast_client.c:2488:13:unicast_client_pac_reset	16	static
/home/this/ncs/zephyr/subsys/bluetooth/audio/unicast_client.c:2503:13:unicast_client_disconnected	8	static
/home/this/ncs/zephyr/subsys/bluetooth/audio/unicast_client.c:1084:16:unicast_client_cp_notify	80	static
/home/this/ncs/zephyr/subsys/bluetooth/audio/unicast_client.c:631:13:unicast_client_ep_streaming_state	120	static
/home/this/ncs/zephyr/subsys/bluetooth/audio/unicast_client.c:674:13:unicast_client_ep_disabling_state	88	static
/home/this/ncs/zephyr/subsys/bluetooth/audio/unicast_client.c:952:12:unicast_client_ep_set_codec	72	dynamic,bounded
/home/this/ncs/zephyr/subsys/bluetooth/audio/unicast_client.c:436:13:unicast_client_ep_config_state	216	dynamic,bounded
/home/this/ncs/zephyr/subsys/bluetooth/audio/unicast_client.c:1034:12:unicast_client_ep_set_metadata	72	dynamic,bounded
/home/this/ncs/zephyr/subsys/bluetooth/audio/unicast_client.c:2365:16:unicast_client_read_func	368	dynamic,bounded
/home/this/ncs/zephyr/subsys/bluetooth/audio/unicast_client.c:577:13:unicast_client_ep_enabling_state	168	dynamic,bounded
/home/this/ncs/zephyr/subsys/bluetooth/audio/unicast_client.c:917:13:unicast_client_codec_config_store	88	dynamic,bounded
/home/this/ncs/zephyr/subsys/bluetooth/audio/unicast_client.c:999:13:unicast_client_codec_metadata_store	88	dynamic,bounded
/home/this/ncs/zephyr/subsys/bluetooth/audio/unicast_client.c:2255:12:unicast_client_pacs_location_discover	8	static
/home/this/ncs/zephyr/subsys/bluetooth/audio/unicast_client.c:2276:16:unicast_client_pacs_context_read_func	120	dynamic,bounded
/home/this/ncs/zephyr/subsys/bluetooth/audio/unicast_client.c:2070:12:unicast_client_pacs_avail_ctx_discover	8	static
/home/this/ncs/zephyr/subsys/bluetooth/audio/unicast_client.c:1790:12:unicast_client_ase_cp_discover	8	static
/home/this/ncs/zephyr/subsys/bluetooth/audio/unicast_client.c:2193:16:unicast_client_pacs_location_discover_cb	96	dynamic,bounded
/home/this/ncs/zephyr/subsys/bluetooth/audio/unicast_client.c:2003:16:unicast_client_pacs_avail_ctx_discover_cb	72	dynamic,bounded
/home/this/ncs/zephyr/subsys/bluetooth/audio/unicast_client.c:2127:16:unicast_client_pacs_location_notify_cb	104	dynamic,bounded
/home/this/ncs/zephyr/subsys/bluetooth/audio/unicast_client.c:2084:16:unicast_client_pacs_location_read_func	56	static
/home/this/ncs/zephyr/subsys/bluetooth/audio/unicast_client.c:1945:16:unicast_client_pacs_avail_ctx_notify_cb	80	dynamic,bounded
/home/this/ncs/zephyr/subsys/bluetooth/audio/unicast_client.c:1901:16:unicast_client_pacs_avail_ctx_read_func	72	static
/home/this/ncs/zephyr/subsys/bluetooth/audio/unicast_client.c:1183:13:unicast_client_ep_set_cp	16	static
/home/this/ncs/zephyr/subsys/bluetooth/audio/unicast_client.c:1760:16:unicast_client_cp_discover_func	56	static
/home/this/ncs/zephyr/subsys/bluetooth/audio/unicast_client.c:1159:12:unicast_client_ep_subscribe	8	static
/home/this/ncs/zephyr/subsys/bluetooth/audio/unicast_client.c:704:13:unicast_client_ep_releasing_state	40	static
/home/this/ncs/zephyr/subsys/bluetooth/audio/unicast_client.c:505:13:unicast_client_ep_qos_state	96	static
/home/this/ncs/zephyr/subsys/bluetooth/audio/unicast_client.c:725:13:unicast_client_ep_set_status	352	dynamic,bounded
/home/this/ncs/zephyr/subsys/bluetooth/audio/unicast_client.c:1805:16:unicast_client_ase_read_func	160	static
/home/this/ncs/zephyr/subsys/bluetooth/audio/unicast_client.c:1130:16:unicast_client_ep_notify	48	static
/home/this/ncs/zephyr/subsys/bluetooth/audio/unicast_client.c:249:6:bt_audio_ep_is_unicast_client	0	static
/home/this/ncs/zephyr/subsys/bluetooth/audio/unicast_client.c:318:22:bt_unicast_client_new_audio_iso	8	static
/home/this/ncs/zephyr/subsys/bluetooth/audio/unicast_client.c:1227:24:bt_unicast_client_ep_create_pdu	16	static
/home/this/ncs/zephyr/subsys/bluetooth/audio/unicast_client.c:1285:5:bt_unicast_client_ep_qos	64	dynamic,bounded
/home/this/ncs/zephyr/subsys/bluetooth/audio/unicast_client.c:1502:5:bt_unicast_client_ep_send	24	static
/home/this/ncs/zephyr/subsys/bluetooth/audio/unicast_client.c:1554:5:bt_unicast_client_config	24	static
/home/this/ncs/zephyr/subsys/bluetooth/audio/unicast_client.c:1580:5:bt_unicast_client_enable	24	static
/home/this/ncs/zephyr/subsys/bluetooth/audio/unicast_client.c:1604:5:bt_unicast_client_metadata	24	static
/home/this/ncs/zephyr/subsys/bluetooth/audio/unicast_client.c:1628:5:bt_unicast_client_start	24	static
/home/this/ncs/zephyr/subsys/bluetooth/audio/unicast_client.c:1671:5:bt_unicast_client_disable	16	static
/home/this/ncs/zephyr/subsys/bluetooth/audio/unicast_client.c:1693:5:bt_unicast_client_stop	24	static
/home/this/ncs/zephyr/subsys/bluetooth/audio/unicast_client.c:1723:5:bt_unicast_client_release	24	static
/home/this/ncs/zephyr/subsys/bluetooth/audio/unicast_client.c:2516:5:bt_audio_discover	16	static
/home/this/ncs/zephyr/subsys/bluetooth/audio/unicast_client.c:2566:5:bt_audio_unicast_client_register_cb	0	static
