/home/this/ncs/zephyr/subsys/bluetooth/audio/vcp_vol_ctlr.c:172:13:vcs_cp_notify_app	8	static
/home/this/ncs/zephyr/subsys/bluetooth/audio/vcp_vol_ctlr.c:657:13:vcp_vol_ctlr_reset	16	static
/home/this/ncs/zephyr/subsys/bluetooth/audio/vcp_vol_ctlr.c:688:13:disconnected	8	static
/home/this/ncs/zephyr/subsys/bluetooth/audio/vcp_vol_ctlr.c:66:16:vcp_vol_ctlr_notify_handler	24	static
/home/this/ncs/zephyr/subsys/bluetooth/audio/vcp_vol_ctlr.c:101:16:vcp_vol_ctlr_read_vol_state_cb	32	static
/home/this/ncs/zephyr/subsys/bluetooth/audio/vcp_vol_ctlr.c:139:16:vcp_vol_ctlr_read_flag_cb	32	static
/home/this/ncs/zephyr/subsys/bluetooth/audio/vcp_vol_ctlr.c:496:16:primary_discover_func	24	static
/home/this/ncs/zephyr/subsys/bluetooth/audio/vcp_vol_ctlr.c:414:16:vcs_discover_func	40	static
/home/this/ncs/zephyr/subsys/bluetooth/audio/vcp_vol_ctlr.c:543:12:vcp_vol_ctlr_common_vcs_cp	8	static
/home/this/ncs/zephyr/subsys/bluetooth/audio/vcp_vol_ctlr.c:271:13:vcp_vol_ctlr_write_vcs_cp_cb	72	dynamic,bounded
/home/this/ncs/zephyr/subsys/bluetooth/audio/vcp_vol_ctlr.c:736:5:bt_vcp_vol_ctlr_discover	40	static
/home/this/ncs/zephyr/subsys/bluetooth/audio/vcp_vol_ctlr.c:786:5:bt_vcp_vol_ctlr_cb_register	0	static
/home/this/ncs/zephyr/subsys/bluetooth/audio/vcp_vol_ctlr.c:845:5:bt_vcp_vol_ctlr_included_get	0	static
/home/this/ncs/zephyr/subsys/bluetooth/audio/vcp_vol_ctlr.c:861:5:bt_vcp_vol_ctlr_conn_get	0	static
/home/this/ncs/zephyr/subsys/bluetooth/audio/vcp_vol_ctlr.c:878:5:bt_vcp_vol_ctlr_read_state	8	static
/home/this/ncs/zephyr/subsys/bluetooth/audio/vcp_vol_ctlr.c:907:5:bt_vcp_vol_ctlr_read_flags	8	static
/home/this/ncs/zephyr/subsys/bluetooth/audio/vcp_vol_ctlr.c:936:5:bt_vcp_vol_ctlr_vol_down	8	static
/home/this/ncs/zephyr/subsys/bluetooth/audio/vcp_vol_ctlr.c:941:5:bt_vcp_vol_ctlr_vol_up	8	static
/home/this/ncs/zephyr/subsys/bluetooth/audio/vcp_vol_ctlr.c:946:5:bt_vcp_vol_ctlr_unmute_vol_down	8	static
/home/this/ncs/zephyr/subsys/bluetooth/audio/vcp_vol_ctlr.c:951:5:bt_vcp_vol_ctlr_unmute_vol_up	8	static
/home/this/ncs/zephyr/subsys/bluetooth/audio/vcp_vol_ctlr.c:956:5:bt_vcp_vol_ctlr_set_vol	8	static
/home/this/ncs/zephyr/subsys/bluetooth/audio/vcp_vol_ctlr.c:220:16:internal_read_vol_state_cb	80	dynamic,bounded
/home/this/ncs/zephyr/subsys/bluetooth/audio/vcp_vol_ctlr.c:991:5:bt_vcp_vol_ctlr_unmute	8	static
/home/this/ncs/zephyr/subsys/bluetooth/audio/vcp_vol_ctlr.c:996:5:bt_vcp_vol_ctlr_mute	8	static
