/home/this/ncs/zephyr/include/zephyr/kernel.h:439:23:k_msleep	8	static
/home/this/ncs/nrf/applications/nrf5340_standard_audio/src/modules/power_meas.c:44:12:read_and_log	72	dynamic
/home/this/ncs/nrf/applications/nrf5340_standard_audio/src/modules/power_meas.c:78:13:meas_thread_fn	64	dynamic,bounded
/home/this/ncs/nrf/applications/nrf5340_standard_audio/src/modules/power_meas.c:106:12:power_meas_init	88	dynamic,bounded
/home/this/ncs/nrf/applications/nrf5340_standard_audio/src/modules/power_meas.c:215:12:cmd_meas_stop	8	static
/home/this/ncs/nrf/applications/nrf5340_standard_audio/src/modules/power_meas.c:141:12:cmd_info	24	static
/home/this/ncs/nrf/applications/nrf5340_standard_audio/src/modules/power_meas.c:196:12:cmd_meas_start	8	static
/home/this/ncs/nrf/applications/nrf5340_standard_audio/src/modules/power_meas.c:154:12:cmd_config	32	static
