/home/this/ncs/zephyr/subsys/bluetooth/host/iso.c:248:13:bt_iso_chan_add	0	static
/home/this/ncs/zephyr/subsys/bluetooth/host/iso.c:724:17:iso_chan_max_data_len	0	static
/home/this/ncs/zephyr/subsys/bluetooth/host/iso.c:809:13:valid_chan_io_qos	0	static
/home/this/ncs/zephyr/subsys/bluetooth/host/iso.c:1343:13:valid_chan_qos	8	static
/home/this/ncs/zephyr/subsys/bluetooth/host/iso.c:1482:27:get_free_cig	4	static
/home/this/ncs/zephyr/subsys/bluetooth/host/iso.c:1500:13:cis_is_in_cig	0	static
/home/this/ncs/zephyr/subsys/bluetooth/host/iso.c:1551:13:valid_cig_param	24	static
/home/this/ncs/zephyr/subsys/bluetooth/host/iso.c:2010:13:iso_chans_connecting	0	static
/home/this/ncs/zephyr/subsys/bluetooth/host/iso.c:1470:27:get_cig	16	static
/home/this/ncs/zephyr/subsys/bluetooth/host/iso.c:81:13:bt_iso_send_cb	16	static
/home/this/ncs/zephyr/subsys/bluetooth/host/iso.c:1702:13:restore_cig	24	static
/home/this/ncs/zephyr/subsys/bluetooth/host/iso.c:197:12:hci_le_setup_iso_data_path	40	static
/home/this/ncs/zephyr/subsys/bluetooth/host/iso.c:257:12:bt_iso_setup_data_path	40	static
/home/this/ncs/zephyr/subsys/bluetooth/host/iso.c:1264:12:hci_le_remove_iso_data_path	24	static
/home/this/ncs/zephyr/subsys/bluetooth/host/iso.c:1295:13:bt_iso_remove_data_path	16	static
/home/this/ncs/zephyr/subsys/bluetooth/host/iso.c:916:13:store_cis_info	16	static
/home/this/ncs/zephyr/subsys/bluetooth/host/iso.c:138:24:iso_new	8	static
/home/this/ncs/zephyr/subsys/bluetooth/host/iso.c:1506:12:cig_init_cis	56	static
/home/this/ncs/zephyr/subsys/bluetooth/host/iso.c:1384:24:hci_le_set_cig_params	64	static
/home/this/ncs/zephyr/subsys/bluetooth/host/iso.c:1535:13:cleanup_cig	16	static
/home/this/ncs/zephyr/subsys/bluetooth/host/iso.c:1365:12:hci_le_remove_cig	16	static
/home/this/ncs/zephyr/subsys/bluetooth/host/iso.c:1914:12:hci_le_create_cis	32	static
/home/this/ncs/zephyr/subsys/bluetooth/host/iso.c:97:6:hci_iso	96	dynamic,bounded
/home/this/ncs/zephyr/subsys/bluetooth/host/iso.c:157:17:bt_iso_create_pdu_timeout	8	static
/home/this/ncs/zephyr/subsys/bluetooth/host/iso.c:180:17:bt_iso_create_frag_timeout	8	static
/home/this/ncs/zephyr/subsys/bluetooth/host/iso.c:535:6:bt_iso_chan_set_state	0	static
/home/this/ncs/zephyr/subsys/bluetooth/host/iso.c:351:6:bt_iso_connected	88	dynamic,bounded
/home/this/ncs/zephyr/subsys/bluetooth/host/iso.c:541:5:bt_iso_chan_get_info	8	static
/home/this/ncs/zephyr/subsys/bluetooth/host/iso.c:565:17:bt_iso_get_rx	8	static
/home/this/ncs/zephyr/subsys/bluetooth/host/iso.c:577:6:bt_iso_recv	280	dynamic,bounded
/home/this/ncs/zephyr/subsys/bluetooth/host/iso.c:745:5:bt_iso_chan_send	24	static
/home/this/ncs/zephyr/subsys/bluetooth/host/iso.c:829:5:bt_iso_chan_get_tx_sync	24	static
/home/this/ncs/zephyr/subsys/bluetooth/host/iso.c:886:5:bt_iso_chan_disconnect	8	static
/home/this/ncs/zephyr/subsys/bluetooth/host/iso.c:906:6:bt_iso_cleanup_acl	8	static
/home/this/ncs/zephyr/subsys/bluetooth/host/iso.c:404:13:bt_iso_chan_disconnected	16	static
/home/this/ncs/zephyr/subsys/bluetooth/host/iso.c:458:6:bt_iso_disconnected	40	static
/home/this/ncs/zephyr/subsys/bluetooth/host/iso.c:1961:12:iso_chan_connect_security	40	static
/home/this/ncs/zephyr/subsys/bluetooth/host/iso.c:944:6:hci_le_cis_established	64	dynamic,bounded
/home/this/ncs/zephyr/subsys/bluetooth/host/iso.c:1617:5:bt_iso_cig_create	80	static
/home/this/ncs/zephyr/subsys/bluetooth/host/iso.c:1723:5:bt_iso_cig_reconfigure	80	static
/home/this/ncs/zephyr/subsys/bluetooth/host/iso.c:1801:5:bt_iso_cig_terminate	16	static
/home/this/ncs/zephyr/subsys/bluetooth/host/iso.c:1827:6:bt_iso_security_changed	88	dynamic,bounded
/home/this/ncs/zephyr/subsys/bluetooth/host/iso.c:2031:5:bt_iso_chan_connect	32	static
