/home/this/ncs/zephyr/include/zephyr/sys/slist.h:401:1:sys_slist_remove	0	static
/home/this/ncs/zephyr/include/zephyr/sys/slist.h:417:1:sys_slist_find_and_remove	8	static
/home/this/ncs/zephyr/subsys/bluetooth/host/scan.c:65:13:reset_reassembling_advertiser	0	static
/home/this/ncs/zephyr/subsys/bluetooth/host/scan.c:408:16:get_adv_props_legacy	0	static
/home/this/ncs/zephyr/subsys/bluetooth/host/scan.c:520:16:get_adv_type	0	static
/home/this/ncs/zephyr/subsys/bluetooth/host/scan.c:557:17:get_adv_props_extended	0	static
/home/this/ncs/zephyr/subsys/bluetooth/host/scan.c:1200:13:valid_le_scan_param	0	static
/home/this/ncs/zephyr/subsys/bluetooth/host/scan.c:86:12:set_le_ext_scan_enable	40	static
/home/this/ncs/zephyr/subsys/bluetooth/host/id.h:10:20:bt_id_rpa_is_new	8	static
/home/this/ncs/zephyr/include/zephyr/sys/atomic.h:237:20:atomic_set_bit_to	0	static
/home/this/ncs/zephyr/subsys/bluetooth/host/scan.c:166:12:start_le_scan_ext	40	static
/home/this/ncs/zephyr/subsys/bluetooth/host/scan.c:291:12:start_passive_scan	16	static
/home/this/ncs/zephyr/subsys/bluetooth/host/scan.c:50:13:fragmented_advertisers_equal	8	static
/home/this/ncs/zephyr/include/zephyr/bluetooth/addr.h:126:20:bt_addr_le_copy	0	static
/home/this/ncs/zephyr/subsys/bluetooth/host/scan.c:58:13:init_reassembling_advertiser	16	static
/home/this/ncs/zephyr/subsys/bluetooth/host/scan.c:567:13:create_ext_adv_info	16	static
/home/this/ncs/zephyr/subsys/bluetooth/host/scan.c:78:6:bt_scan_reset	8	static
/home/this/ncs/zephyr/subsys/bluetooth/host/scan.c:156:5:bt_le_scan_set_enable	8	static
/home/this/ncs/zephyr/subsys/bluetooth/host/scan.c:317:5:bt_le_scan_update	16	static
/home/this/ncs/zephyr/subsys/bluetooth/host/scan.c:364:13:check_pending_conn	16	static
/home/this/ncs/zephyr/subsys/bluetooth/host/scan.c:438:13:le_adv_recv	56	static
/home/this/ncs/zephyr/subsys/bluetooth/host/scan.c:498:6:bt_hci_le_scan_timeout	8	static
/home/this/ncs/zephyr/subsys/bluetooth/host/scan.c:580:6:bt_hci_le_adv_ext_report	96	static
/home/this/ncs/zephyr/subsys/bluetooth/host/scan.c:1167:6:bt_hci_le_adv_report	64	static
/home/this/ncs/zephyr/subsys/bluetooth/host/scan.c:1229:5:bt_le_scan_start	32	static
/home/this/ncs/zephyr/subsys/bluetooth/host/scan.c:1318:5:bt_le_scan_stop	8	static
/home/this/ncs/zephyr/subsys/bluetooth/host/scan.c:1339:6:bt_le_scan_cb_register	0	static
/home/this/ncs/zephyr/subsys/bluetooth/host/scan.c:1344:6:bt_le_scan_cb_unregister	8	static
