/home/this/ncs/zephyr/subsys/bluetooth/host/settings.c:233:13:save_id	112	dynamic,bounded
/home/this/ncs/zephyr/subsys/bluetooth/host/settings.c:119:12:set_setting	128	static
/home/this/ncs/zephyr/subsys/bluetooth/host/settings.c:26:6:bt_settings_encode_key	56	static
/home/this/ncs/zephyr/subsys/bluetooth/host/settings.c:96:5:bt_settings_decode_key	16	static
/home/this/ncs/zephyr/subsys/bluetooth/host/settings.c:253:6:bt_settings_save_id	8	static
/home/this/ncs/zephyr/subsys/bluetooth/host/settings.c:258:12:commit_settings	64	static
/home/this/ncs/zephyr/subsys/bluetooth/host/settings.c:312:5:bt_settings_init	64	dynamic,bounded
