/home/this/ncs/nrf/applications/nrf5340_standard_audio/src/bluetooth/ble_audio_services.c:44:12:ble_vcs_client_remote_set	0	static
/home/this/ncs/nrf/applications/nrf5340_standard_audio/src/bluetooth/ble_audio_services.c:68:17:vcs_vol_conversion	0	static
/home/this/ncs/nrf/applications/nrf5340_standard_audio/src/bluetooth/ble_audio_services.c:118:13:vcs_flags_ctlr_cb_handler	56	dynamic,bounded
/home/this/ncs/nrf/applications/nrf5340_standard_audio/src/bluetooth/ble_audio_services.c:80:13:vcs_state_ctlr_cb_handler	144	dynamic,bounded
/home/this/ncs/nrf/applications/nrf5340_standard_audio/src/bluetooth/ble_audio_services.c:170:13:vcs_discover_cb_handler	56	dynamic,bounded
/home/this/ncs/nrf/applications/nrf5340_standard_audio/src/bluetooth/ble_audio_services.c:154:13:vcs_flags_rend_cb_handler	56	dynamic,bounded
/home/this/ncs/nrf/applications/nrf5340_standard_audio/src/bluetooth/ble_audio_services.c:294:13:mcs_media_state_cb	56	dynamic,bounded
/home/this/ncs/nrf/applications/nrf5340_standard_audio/src/bluetooth/ble_audio_services.c:269:13:mcs_command_recv_cb	88	dynamic,bounded
/home/this/ncs/nrf/applications/nrf5340_standard_audio/src/bluetooth/ble_audio_services.c:310:13:mcs_local_player_instance_cb	72	dynamic,bounded
/home/this/ncs/nrf/applications/nrf5340_standard_audio/src/bluetooth/ble_audio_services.c:129:13:vcs_state_rend_cb_handler	224	dynamic,bounded
/home/this/ncs/nrf/applications/nrf5340_standard_audio/src/bluetooth/ble_audio_services.c:332:5:ble_vcs_vol_set	144	dynamic,bounded
/home/this/ncs/nrf/applications/nrf5340_standard_audio/src/bluetooth/ble_audio_services.c:356:5:ble_vcs_volume_up	136	dynamic,bounded
/home/this/ncs/nrf/applications/nrf5340_standard_audio/src/bluetooth/ble_audio_services.c:380:5:ble_vcs_volume_down	136	dynamic,bounded
/home/this/ncs/nrf/applications/nrf5340_standard_audio/src/bluetooth/ble_audio_services.c:404:5:ble_vcs_volume_mute	136	dynamic,bounded
/home/this/ncs/nrf/applications/nrf5340_standard_audio/src/bluetooth/ble_audio_services.c:428:5:ble_vcs_volume_unmute	136	dynamic,bounded
/home/this/ncs/nrf/applications/nrf5340_standard_audio/src/bluetooth/ble_audio_services.c:453:5:ble_vcs_discover	16	static
/home/this/ncs/nrf/applications/nrf5340_standard_audio/src/bluetooth/ble_audio_services.c:467:5:ble_mcs_discover	40	static
/home/this/ncs/nrf/applications/nrf5340_standard_audio/src/bluetooth/ble_audio_services.c:486:5:ble_mcs_state_update	40	static
/home/this/ncs/nrf/applications/nrf5340_standard_audio/src/bluetooth/ble_audio_services.c:496:5:ble_mcs_play_pause	104	dynamic,bounded
/home/this/ncs/nrf/applications/nrf5340_standard_audio/src/bluetooth/ble_audio_services.c:527:5:ble_vcs_client_init	8	static
/home/this/ncs/nrf/applications/nrf5340_standard_audio/src/bluetooth/ble_audio_services.c:538:5:ble_vcs_server_init	16	static
/home/this/ncs/nrf/applications/nrf5340_standard_audio/src/bluetooth/ble_audio_services.c:559:5:ble_mcs_client_init	40	static
/home/this/ncs/nrf/applications/nrf5340_standard_audio/src/bluetooth/ble_audio_services.c:576:5:ble_mcs_server_init	96	dynamic,bounded
