/home/this/ncs/nrf/applications/nrf5340_standard_audio/src/bluetooth/le_audio_cis_gateway.c:122:13:ep_state_check	0	static
/home/this/ncs/nrf/applications/nrf5340_standard_audio/src/bluetooth/le_audio_cis_gateway.c:350:13:stream_metadata_updated_cb	0	static
/home/this/ncs/nrf/applications/nrf5340_standard_audio/src/bluetooth/le_audio_cis_gateway.c:355:13:stream_disabled_cb	0	static
/home/this/ncs/nrf/applications/nrf5340_standard_audio/src/bluetooth/le_audio_cis_gateway.c:726:13:ble_acl_gateway_all_links_connected	0	static
/home/this/ncs/zephyr/include/zephyr/bluetooth/addr.h:231:19:bt_addr_le_to_str	64	static
/home/this/ncs/nrf/applications/nrf5340_standard_audio/src/bluetooth/le_audio_cis_gateway.c:202:13:available_contexts_cb	40	static
/home/this/ncs/nrf/applications/nrf5340_standard_audio/src/bluetooth/le_audio_cis_gateway.c:737:13:bond_check	40	static
/home/this/ncs/nrf/applications/nrf5340_standard_audio/src/bluetooth/le_audio_cis_gateway.c:847:13:ble_acl_start_scan	128	dynamic,bounded
/home/this/ncs/nrf/applications/nrf5340_standard_audio/src/bluetooth/le_audio_cis_gateway.c:176:13:unicast_client_location_cb	112	dynamic,bounded
/home/this/ncs/nrf/applications/nrf5340_standard_audio/src/bluetooth/le_audio_cis_gateway.c:747:13:bond_connect	120	dynamic,bounded
/home/this/ncs/nrf/applications/nrf5340_standard_audio/src/bluetooth/le_audio_cis_gateway.c:770:12:device_found	112	dynamic,bounded
/home/this/ncs/nrf/applications/nrf5340_standard_audio/src/bluetooth/le_audio_cis_gateway.c:805:13:ad_parse	48	static
/home/this/ncs/nrf/applications/nrf5340_standard_audio/src/bluetooth/le_audio_cis_gateway.c:831:13:on_device_found	8	static
/home/this/ncs/nrf/applications/nrf5340_standard_audio/src/bluetooth/le_audio_cis_gateway.c:144:12:channel_index_get	64	static
/home/this/ncs/nrf/applications/nrf5340_standard_audio/src/bluetooth/le_audio_cis_gateway.c:163:17:get_and_incr_seq_num	64	dynamic,bounded
/home/this/ncs/nrf/applications/nrf5340_standard_audio/src/bluetooth/le_audio_cis_gateway.c:485:12:temp_codec_cap_index_get	64	static
/home/this/ncs/nrf/applications/nrf5340_standard_audio/src/bluetooth/le_audio_cis_gateway.c:394:13:stream_recv_cb	80	static
/home/this/ncs/nrf/applications/nrf5340_standard_audio/src/bluetooth/le_audio_cis_gateway.c:1079:12:iso_stream_send	128	dynamic,bounded
/home/this/ncs/nrf/applications/nrf5340_standard_audio/src/bluetooth/le_audio_cis_gateway.c:217:13:stream_sent_cb	40	static
/home/this/ncs/nrf/applications/nrf5340_standard_audio/src/bluetooth/le_audio_cis_gateway.c:1132:12:initialize	256	dynamic,bounded
/home/this/ncs/nrf/applications/nrf5340_standard_audio/src/bluetooth/le_audio_cis_gateway.c:952:12:discover_sink	16	static
/home/this/ncs/nrf/applications/nrf5340_standard_audio/src/bluetooth/le_audio_cis_gateway.c:990:13:security_changed_cb	128	dynamic,bounded
/home/this/ncs/nrf/applications/nrf5340_standard_audio/src/bluetooth/le_audio_cis_gateway.c:523:13:valid_codec_cap_check	24	static
/home/this/ncs/nrf/applications/nrf5340_standard_audio/src/bluetooth/le_audio_cis_gateway.c:539:13:discover_sink_cb	296	dynamic,bounded
/home/this/ncs/nrf/applications/nrf5340_standard_audio/src/bluetooth/le_audio_cis_gateway.c:919:13:disconnected_headset_cleanup	24	static
/home/this/ncs/nrf/applications/nrf5340_standard_audio/src/bluetooth/le_audio_cis_gateway.c:930:13:disconnected_cb	128	dynamic,bounded
/home/this/ncs/nrf/applications/nrf5340_standard_audio/src/bluetooth/le_audio_cis_gateway.c:878:13:connected_cb	168	dynamic,bounded
/home/this/ncs/nrf/applications/nrf5340_standard_audio/src/bluetooth/le_audio_cis_gateway.c:265:13:stream_qos_set_cb	56	dynamic,bounded
/home/this/ncs/nrf/applications/nrf5340_standard_audio/src/bluetooth/le_audio_cis_gateway.c:334:13:stream_started_cb	96	dynamic,bounded
/home/this/ncs/nrf/applications/nrf5340_standard_audio/src/bluetooth/le_audio_cis_gateway.c:382:13:stream_released_cb	56	dynamic,bounded
/home/this/ncs/nrf/applications/nrf5340_standard_audio/src/bluetooth/le_audio_cis_gateway.c:1024:13:le_audio_play_pause_cb	160	dynamic,bounded
/home/this/ncs/nrf/applications/nrf5340_standard_audio/src/bluetooth/le_audio_cis_gateway.c:432:13:work_stream_start	128	dynamic,bounded
/home/this/ncs/nrf/applications/nrf5340_standard_audio/src/bluetooth/le_audio_cis_gateway.c:360:13:stream_stopped_cb	120	dynamic,bounded
/home/this/ncs/nrf/applications/nrf5340_standard_audio/src/bluetooth/le_audio_cis_gateway.c:280:13:stream_enabled_cb	72	static
/home/this/ncs/nrf/applications/nrf5340_standard_audio/src/bluetooth/le_audio_cis_gateway.c:230:13:stream_configured_cb	192	dynamic,bounded
/home/this/ncs/nrf/applications/nrf5340_standard_audio/src/bluetooth/le_audio_cis_gateway.c:1240:5:le_audio_user_defined_button_press	0	static
/home/this/ncs/nrf/applications/nrf5340_standard_audio/src/bluetooth/le_audio_cis_gateway.c:1245:5:le_audio_config_get	0	static
/home/this/ncs/nrf/applications/nrf5340_standard_audio/src/bluetooth/le_audio_cis_gateway.c:1250:5:le_audio_volume_up	40	static
/home/this/ncs/nrf/applications/nrf5340_standard_audio/src/bluetooth/le_audio_cis_gateway.c:1263:5:le_audio_volume_down	40	static
/home/this/ncs/nrf/applications/nrf5340_standard_audio/src/bluetooth/le_audio_cis_gateway.c:1276:5:le_audio_volume_mute	40	static
/home/this/ncs/nrf/applications/nrf5340_standard_audio/src/bluetooth/le_audio_cis_gateway.c:1289:5:le_audio_play_pause	40	static
/home/this/ncs/nrf/applications/nrf5340_standard_audio/src/bluetooth/le_audio_cis_gateway.c:1306:5:le_audio_send	320	static
/home/this/ncs/nrf/applications/nrf5340_standard_audio/src/bluetooth/le_audio_cis_gateway.c:1365:5:le_audio_enable	8	static
/home/this/ncs/nrf/applications/nrf5340_standard_audio/src/bluetooth/le_audio_cis_gateway.c:1378:5:le_audio_disable	0	static
