/home/this/ncs/zephyr/subsys/usb/device/usb_descriptor.c:284:29:usb_get_cfg_data	8	static
/home/this/ncs/zephyr/subsys/usb/device/usb_descriptor.c:164:13:ascii7_to_utf16le	8	static
/home/this/ncs/zephyr/subsys/usb/device/usb_descriptor.c:226:12:usb_validate_ep_cfg_data	40	static
/home/this/ncs/zephyr/subsys/usb/device/usb_descriptor.c:192:5:usb_get_str_descriptor_idx	0	static
/home/this/ncs/zephyr/subsys/usb/device/usb_descriptor.c:304:17:usb_update_sn_string_descriptor	48	static
/home/this/ncs/zephyr/subsys/usb/device/usb_descriptor.c:333:13:usb_fix_ascii_sn_string_descriptor	48	static
/home/this/ncs/zephyr/subsys/usb/device/usb_descriptor.c:368:12:usb_fix_descriptor	144	dynamic,bounded
/home/this/ncs/zephyr/subsys/usb/device/usb_descriptor.c:477:10:usb_get_device_descriptor	40	static
/home/this/ncs/zephyr/subsys/usb/device/usb_descriptor.c:490:22:usb_get_dev_data_by_cfg	0	static
/home/this/ncs/zephyr/subsys/usb/device/usb_descriptor.c:509:22:usb_get_dev_data_by_iface	0	static
/home/this/ncs/zephyr/subsys/usb/device/usb_descriptor.c:530:22:usb_get_dev_data_by_ep	8	static
