/home/this/ncs/zephyr/subsys/usb/device/usb_device.c:177:13:usb_set_alt_setting	0	static
/home/this/ncs/zephyr/subsys/usb/device/usb_device.c:187:16:usb_get_alt_setting	0	static
/home/this/ncs/zephyr/subsys/usb/device/usb_device.c:210:13:usb_handle_request	8	static
/home/this/ncs/zephyr/subsys/usb/device/usb_device.c:401:13:usb_register_request_handler	0	static
/home/this/ncs/zephyr/subsys/usb/device/usb_device.c:415:13:usb_register_descriptors	0	static
/home/this/ncs/zephyr/subsys/usb/device/usb_device.c:420:13:usb_get_status	0	static
/home/this/ncs/zephyr/subsys/usb/device/usb_device.c:455:13:usb_get_descriptor	12	static
/home/this/ncs/zephyr/subsys/usb/device/usb_device.c:801:13:usb_get_interface	16	static
/home/this/ncs/zephyr/subsys/usb/device/usb_device.c:832:13:is_device_configured	0	static
/home/this/ncs/zephyr/subsys/usb/device/usb_device.c:919:13:is_interface_valid	0	static
/home/this/ncs/zephyr/subsys/usb/device/usb_device.c:1191:13:usb_register_custom_req_handler	0	static
/home/this/ncs/zephyr/subsys/usb/device/usb_device.c:1204:13:usb_register_status_callback	0	static
/home/this/ncs/zephyr/subsys/usb/device/usb_device.c:1292:12:usb_vbus_set	0	static
/home/this/ncs/zephyr/subsys/usb/device/usb_device.c:1484:12:custom_handler	24	static
/home/this/ncs/zephyr/subsys/usb/device/usb_device.c:1527:12:vendor_handler	24	static
/home/this/ncs/zephyr/subsys/usb/device/usb_device.c:1455:12:class_handler	16	static
/home/this/ncs/zephyr/subsys/usb/device/usb_device.c:998:13:is_ep_valid	8	static
/home/this/ncs/zephyr/subsys/usb/device/usb_device.c:1209:12:foreach_ep	24	static
/home/this/ncs/zephyr/subsys/usb/device/usb_device.c:525:17:get_ep_bm_from_addr	56	dynamic,bounded
/home/this/ncs/zephyr/subsys/usb/device/usb_device.c:1229:12:disable_interface_ep	16	static
/home/this/ncs/zephyr/subsys/usb/device/usb_device.c:602:12:disable_endpoint	64	dynamic,bounded
/home/this/ncs/zephyr/subsys/usb/device/usb_device.c:1050:13:usb_halt_endpoint_req	24	static
/home/this/ncs/zephyr/subsys/usb/device/usb_device.c:632:13:reset_endpoint	16	static
/home/this/ncs/zephyr/subsys/usb/device/usb_device.c:555:13:set_endpoint	104	dynamic,bounded
/home/this/ncs/zephyr/subsys/usb/device/usb_device.c:647:13:usb_eps_reconfigure	8	static
/home/this/ncs/zephyr/subsys/usb/device/usb_device.c:751:13:usb_set_interface	32	static
/home/this/ncs/zephyr/subsys/usb/device/usb_device.c:947:13:usb_handle_std_interface_req	24	static
/home/this/ncs/zephyr/subsys/usb/device/usb_device.c:172:13:usb_reset_alt_setting	0	static
/home/this/ncs/zephyr/subsys/usb/device/usb_device.c:675:13:usb_set_configuration	24	static
/home/this/ncs/zephyr/subsys/usb/device/usb_device.c:846:13:usb_handle_std_device_req	8	static
/home/this/ncs/zephyr/subsys/usb/device/usb_device.c:1243:13:forward_status_cb	16	static
/home/this/ncs/zephyr/subsys/usb/device/usb_device.c:1020:13:usb_get_status_endpoint	24	static
/home/this/ncs/zephyr/subsys/usb/device/usb_device.c:1096:13:usb_handle_std_endpoint_req	8	static
/home/this/ncs/zephyr/subsys/usb/device/usb_device.c:1137:12:usb_handle_standard_request	16	static
/home/this/ncs/zephyr/subsys/usb/device/usb_device.c:1553:12:composite_setup_ep_cb	16	static
/home/this/ncs/zephyr/subsys/usb/device/usb_device.c:1320:5:usb_deconfig	8	static
/home/this/ncs/zephyr/subsys/usb/device/usb_device.c:1346:5:usb_disable	16	static
/home/this/ncs/zephyr/subsys/usb/device/usb_device.c:1384:5:usb_write	32	static
/home/this/ncs/zephyr/subsys/usb/device/usb_device.c:239:13:usb_data_to_host	16	static
/home/this/ncs/zephyr/subsys/usb/device/usb_device.c:279:13:usb_handle_control_transfer	48	static
/home/this/ncs/zephyr/subsys/usb/device/usb_device.c:1401:5:usb_read	8	static
/home/this/ncs/zephyr/subsys/usb/device/usb_device.c:1406:5:usb_ep_set_stall	8	static
/home/this/ncs/zephyr/subsys/usb/device/usb_device.c:1411:5:usb_ep_clear_stall	8	static
/home/this/ncs/zephyr/subsys/usb/device/usb_device.c:1416:5:usb_ep_read_wait	8	static
/home/this/ncs/zephyr/subsys/usb/device/usb_device.c:1421:5:usb_ep_read_continue	8	static
/home/this/ncs/zephyr/subsys/usb/device/usb_device.c:1426:6:usb_get_remote_wakeup_status	0	static
/home/this/ncs/zephyr/subsys/usb/device/usb_device.c:1431:5:usb_wakeup_request	8	static
/home/this/ncs/zephyr/subsys/usb/device/usb_device.c:1571:5:usb_set_config	8	static
/home/this/ncs/zephyr/subsys/usb/device/usb_device.c:1689:12:usb_device_init	40	static
/home/this/ncs/zephyr/subsys/usb/device/usb_device.c:1592:5:usb_enable	24	static
