/home/this/ncs/modules/hal/nordic/nrfx/hal/nrf_usbd.h:1439:28:nrf_usbd_ep_amount_get	0	static
/home/this/ncs/zephyr/include/zephyr/sys/notify.h:264:20:sys_notify_init_spinwait	8	static
/home/this/ncs/zephyr/drivers/usb/device/usb_dc_nrfx.c:300:20:ep_is_valid	0	static
/home/this/ncs/zephyr/drivers/usb/device/usb_dc_nrfx.c:329:32:endpoint_ctx	8	static
/home/this/ncs/zephyr/drivers/usb/device/usb_dc_nrfx.c:360:32:in_endpoint_ctx	8	static
/home/this/ncs/zephyr/drivers/usb/device/usb_dc_nrfx.c:365:32:out_endpoint_ctx	8	static
/home/this/ncs/zephyr/drivers/usb/device/usb_dc_nrfx.c:600:13:ep_ctx_reset	8	static
/home/this/ncs/zephyr/drivers/usb/device/usb_dc_nrfx.c:624:12:eps_ctx_init	8	static
/home/this/ncs/zephyr/drivers/usb/device/usb_dc_nrfx.c:405:34:usbd_evt_get	8	static
/home/this/ncs/zephyr/drivers/usb/device/usb_dc_nrfx.c:413:20:usbd_evt_flush	8	static
/home/this/ncs/zephyr/drivers/usb/device/usb_dc_nrfx.c:432:34:usbd_evt_alloc	64	static
/home/this/ncs/zephyr/drivers/usb/device/usb_dc_nrfx.c:470:13:submit_dc_power_event	8	static
/home/this/ncs/zephyr/drivers/usb/device/usb_dc_nrfx.c:498:13:usb_dc_power_event_handler	56	dynamic,bounded
/home/this/ncs/zephyr/drivers/usb/device/usb_dc_nrfx.c:1172:13:usbd_sof_trigger_iso_read	64	static
/home/this/ncs/zephyr/drivers/usb/device/usb_dc_nrfx.c:949:13:usbd_event_transfer_data	96	dynamic,bounded
/home/this/ncs/zephyr/include/zephyr/sys/onoff.h:433:19:onoff_cancel_or_release	8	static
/home/this/ncs/zephyr/drivers/usb/device/usb_dc_nrfx.c:531:12:hfxo_stop	8	static
/home/this/ncs/zephyr/drivers/usb/device/usb_dc_nrfx.c:551:13:usbd_enable_endpoints	8	static
/home/this/ncs/zephyr/drivers/usb/device/usb_dc_nrfx.c:779:20:usbd_work_process_recvreq	72	dynamic,bounded
/home/this/ncs/zephyr/drivers/usb/device/usb_dc_nrfx.c:734:20:usbd_work_process_setup	8	static
/home/this/ncs/zephyr/drivers/usb/device/usb_dc_nrfx.c:804:20:usbd_work_process_ep_events	16	static
/home/this/ncs/zephyr/drivers/usb/device/usb_dc_nrfx.c:540:12:hfxo_start	8	static
/home/this/ncs/zephyr/drivers/usb/device/usb_dc_nrfx.c:668:20:usbd_work_process_pwr_events	8	static
/home/this/ncs/zephyr/drivers/usb/device/usb_dc_nrfx.c:1141:20:usbd_reinit	8	static
/home/this/ncs/zephyr/drivers/usb/device/usb_dc_nrfx.c:1205:13:usbd_work_handler	128	dynamic,bounded
/home/this/ncs/zephyr/drivers/usb/device/usb_dc_nrfx.c:844:13:usbd_event_transfer_ctrl	128	dynamic,bounded
/home/this/ncs/zephyr/drivers/usb/device/usb_dc_nrfx.c:1047:13:usbd_event_handler	40	static
/home/this/ncs/zephyr/drivers/usb/device/usb_dc_nrfx.c:1872:12:usb_init	24	static
/home/this/ncs/zephyr/drivers/usb/device/usb_dc_nrfx.c:1264:5:usb_dc_attach	8	static
/home/this/ncs/zephyr/drivers/usb/device/usb_dc_nrfx.c:1308:5:usb_dc_detach	16	static
/home/this/ncs/zephyr/drivers/usb/device/usb_dc_nrfx.c:1329:5:usb_dc_reset	8	static
/home/this/ncs/zephyr/drivers/usb/device/usb_dc_nrfx.c:1352:5:usb_dc_set_address	8	static
/home/this/ncs/zephyr/drivers/usb/device/usb_dc_nrfx.c:1374:5:usb_dc_ep_check_cap	64	static
/home/this/ncs/zephyr/drivers/usb/device/usb_dc_nrfx.c:1400:5:usb_dc_ep_configure	48	static
/home/this/ncs/zephyr/drivers/usb/device/usb_dc_nrfx.c:1440:5:usb_dc_ep_set_stall	48	static
/home/this/ncs/zephyr/drivers/usb/device/usb_dc_nrfx.c:1474:5:usb_dc_ep_clear_stall	8	static
/home/this/ncs/zephyr/drivers/usb/device/usb_dc_nrfx.c:1500:5:usb_dc_ep_halt	8	static
/home/this/ncs/zephyr/drivers/usb/device/usb_dc_nrfx.c:1505:5:usb_dc_ep_is_stalled	16	static
/home/this/ncs/zephyr/drivers/usb/device/usb_dc_nrfx.c:1527:5:usb_dc_ep_enable	16	static
/home/this/ncs/zephyr/drivers/usb/device/usb_dc_nrfx.c:1566:5:usb_dc_ep_disable	16	static
/home/this/ncs/zephyr/drivers/usb/device/usb_dc_nrfx.c:1592:5:usb_dc_ep_flush	16	static
/home/this/ncs/zephyr/drivers/usb/device/usb_dc_nrfx.c:1613:5:usb_dc_ep_write	112	dynamic,bounded
/home/this/ncs/zephyr/drivers/usb/device/usb_dc_nrfx.c:1703:5:usb_dc_ep_read_wait	72	dynamic,bounded
/home/this/ncs/zephyr/drivers/usb/device/usb_dc_nrfx.c:1756:5:usb_dc_ep_read_continue	64	dynamic,bounded
/home/this/ncs/zephyr/drivers/usb/device/usb_dc_nrfx.c:1804:5:usb_dc_ep_read	16	static
/home/this/ncs/zephyr/drivers/usb/device/usb_dc_nrfx.c:1823:5:usb_dc_ep_set_callback	8	static
/home/this/ncs/zephyr/drivers/usb/device/usb_dc_nrfx.c:1841:6:usb_dc_set_status_callback	0	static
/home/this/ncs/zephyr/drivers/usb/device/usb_dc_nrfx.c:1846:5:usb_dc_ep_mps	8	static
/home/this/ncs/zephyr/drivers/usb/device/usb_dc_nrfx.c:1862:5:usb_dc_wakeup_request	8	static
